Running in test mode with sample data...

Test database contains 14 tasks:
  - Review OAuth implementation
  - Buy milk
  - Complete comprehensive review of the entire authentication system including OAuth2, JWT tokens, session management, and password reset flow
  - Fix bug in PDF parser (handle multi-column layouts)
  - URGENT: Deploy to production
  - Review PR #1234: Add new feature
  - Tech interview prep
  - Update to Node.js v20.5.1
  - Clean    up    database
  - Implement auth w/ JWT
  - Add emoji support 🎉
  - Read "Clean Code" book
  - Fix bug in API endpoint /users/:id
  - Research distributed systems patterns

No high-confidence matches. Top candidates:
  things:///show?id=OAuth123456789 (78% - "Review OAuth implementation")
  things:///show?id=Abbreviated12345 (31% - "Implement auth w/ JWT")
  things:///show?id=QuotedTask12345 (28% - "Read "Clean Code" book")
  things:///show?id=SpecialChars12345 (27% - "Fix bug in PDF parser (handle multi-column layouts)")
  things:///show?id=Punctuation12345 (25% - "Review PR #1234: Add new feature")

things:///show?id=ShortTask1234

No high-confidence matches. Top candidates:
  things:///show?id=VeryLongTask123456 (77% - "Complete comprehensive review of the entire authentication system including OAuth2, JWT tokens, session management, and password reset flow")
  things:///show?id=SpecialChars12345 (20% - "Fix bug in PDF parser (handle multi-column layouts)")
  things:///show?id=MultiPageTask123 (20% - "Research distributed systems patterns")
  things:///show?id=OAuth123456789 (19% - "Review OAuth implementation")
  things:///show?id=Punctuation12345 (17% - "Review PR #1234: Add new feature")

No high-confidence matches. Top candidates:
  things:///show?id=SpecialChars12345 (71% - "Fix bug in PDF parser (handle multi-column layouts)")
  things:///show?id=SlashTask123456 (31% - "Fix bug in API endpoint /users/:id")
  things:///show?id=OAuth123456789 (21% - "Review OAuth implementation")
  things:///show?id=SimilarTask12345 (19% - "Tech interview prep")
  things:///show?id=MultiPageTask123 (19% - "Research distributed systems patterns")

things:///show?id=CaseSensitive123

No high-confidence matches. Top candidates:
  things:///show?id=Punctuation12345 (50% - "Review PR #1234: Add new feature")
  things:///show?id=SimilarTask12345 (32% - "Tech interview prep")
  things:///show?id=Unicode123456789 (32% - "Add emoji support 🎉")
  things:///show?id=QuotedTask12345 (25% - "Read "Clean Code" book")
  things:///show?id=ExtraSpaces12345 (24% - "Clean    up    database")

No high-confidence matches. Top candidates:
  things:///show?id=SimilarTask12345 (41% - "Tech interview prep")
  things:///show?id=Punctuation12345 (30% - "Review PR #1234: Add new feature")
  things:///show?id=OAuth123456789 (24% - "Review OAuth implementation")
  things:///show?id=MultiPageTask123 (24% - "Research distributed systems patterns")
  things:///show?id=Abbreviated12345 (22% - "Implement auth w/ JWT")

things:///show?id=WithNumbers12345

things:///show?id=ExtraSpaces12345

No high-confidence matches. Top candidates:
  things:///show?id=Punctuation12345 (23% - "Review PR #1234: Add new feature")
  things:///show?id=Abbreviated12345 (20% - "Implement auth w/ JWT")
  things:///show?id=MultiPageTask123 (19% - "Research distributed systems patterns")
  things:///show?id=OAuth123456789 (19% - "Review OAuth implementation")
  things:///show?id=SpecialChars12345 (18% - "Fix bug in PDF parser (handle multi-column layouts)")

No high-confidence matches. Top candidates:
  things:///show?id=VeryLongTask123456 (23% - "Complete comprehensive review of the entire authentication system including OAuth2, JWT tokens, session management, and password reset flow")
  things:///show?id=SpecialChars12345 (11% - "Fix bug in PDF parser (handle multi-column layouts)")
  things:///show?id=MultiPageTask123 (10% - "Research distributed systems patterns")
  things:///show?id=SlashTask123456 (8% - "Fix bug in API endpoint /users/:id")
  things:///show?id=OAuth123456789 (7% - "Review OAuth implementation")

things:///show?id=QuotedTask12345

No high-confidence matches. Top candidates:
  things:///show?id=VeryLongTask123456 (24% - "Complete comprehensive review of the entire authentication system including OAuth2, JWT tokens, session management, and password reset flow")
  things:///show?id=SpecialChars12345 (13% - "Fix bug in PDF parser (handle multi-column layouts)")
  things:///show?id=MultiPageTask123 (10% - "Research distributed systems patterns")
  things:///show?id=SlashTask123456 (9% - "Fix bug in API endpoint /users/:id")
  things:///show?id=Punctuation12345 (8% - "Review PR #1234: Add new feature")

things:///show?id=MultiPageTask123

No high-confidence matches. Top candidates:
  things:///show?id=MultiPageTask123 (46% - "Research distributed systems patterns")
  things:///show?id=OAuth123456789 (26% - "Review OAuth implementation")
  things:///show?id=CaseSensitive123 (26% - "URGENT: Deploy to production")
  things:///show?id=SpecialChars12345 (22% - "Fix bug in PDF parser (handle multi-column layouts)")
  things:///show?id=ExtraSpaces12345 (21% - "Clean    up    database")

